Archive member included to satisfy reference by file (symbol)

c:/st/stm32cubeide_1.8.0/stm32cubeide/plugins/com.st.stm32cube.ide.mcu.externaltools.gnu-tools-for-stm32.9-2020-q2-update.win32_2.0.0.202105311346/tools/bin/../lib/gcc/arm-none-eabi/9.3.1/../../../../arm-none-eabi/lib/thumb/v6-m/nofp\libc_nano.a(lib_a-errno.o)
                              ./Core/Src/syscalls.o (__errno)
c:/st/stm32cubeide_1.8.0/stm32cubeide/plugins/com.st.stm32cube.ide.mcu.externaltools.gnu-tools-for-stm32.9-2020-q2-update.win32_2.0.0.202105311346/tools/bin/../lib/gcc/arm-none-eabi/9.3.1/../../../../arm-none-eabi/lib/thumb/v6-m/nofp\libc_nano.a(lib_a-exit.o)
                              c:/st/stm32cubeide_1.8.0/stm32cubeide/plugins/com.st.stm32cube.ide.mcu.externaltools.gnu-tools-for-stm32.9-2020-q2-update.win32_2.0.0.202105311346/tools/bin/../lib/gcc/arm-none-eabi/9.3.1/../../../../arm-none-eabi/lib/thumb/v6-m/nofp/crt0.o (exit)
c:/st/stm32cubeide_1.8.0/stm32cubeide/plugins/com.st.stm32cube.ide.mcu.externaltools.gnu-tools-for-stm32.9-2020-q2-update.win32_2.0.0.202105311346/tools/bin/../lib/gcc/arm-none-eabi/9.3.1/../../../../arm-none-eabi/lib/thumb/v6-m/nofp\libc_nano.a(lib_a-impure.o)
                              c:/st/stm32cubeide_1.8.0/stm32cubeide/plugins/com.st.stm32cube.ide.mcu.externaltools.gnu-tools-for-stm32.9-2020-q2-update.win32_2.0.0.202105311346/tools/bin/../lib/gcc/arm-none-eabi/9.3.1/../../../../arm-none-eabi/lib/thumb/v6-m/nofp\libc_nano.a(lib_a-exit.o) (_global_impure_ptr)
c:/st/stm32cubeide_1.8.0/stm32cubeide/plugins/com.st.stm32cube.ide.mcu.externaltools.gnu-tools-for-stm32.9-2020-q2-update.win32_2.0.0.202105311346/tools/bin/../lib/gcc/arm-none-eabi/9.3.1/../../../../arm-none-eabi/lib/thumb/v6-m/nofp\libc_nano.a(lib_a-init.o)
                              c:/st/stm32cubeide_1.8.0/stm32cubeide/plugins/com.st.stm32cube.ide.mcu.externaltools.gnu-tools-for-stm32.9-2020-q2-update.win32_2.0.0.202105311346/tools/bin/../lib/gcc/arm-none-eabi/9.3.1/../../../../arm-none-eabi/lib/thumb/v6-m/nofp/crt0.o (__libc_init_array)
c:/st/stm32cubeide_1.8.0/stm32cubeide/plugins/com.st.stm32cube.ide.mcu.externaltools.gnu-tools-for-stm32.9-2020-q2-update.win32_2.0.0.202105311346/tools/bin/../lib/gcc/arm-none-eabi/9.3.1/../../../../arm-none-eabi/lib/thumb/v6-m/nofp\libc_nano.a(lib_a-memset.o)
                              c:/st/stm32cubeide_1.8.0/stm32cubeide/plugins/com.st.stm32cube.ide.mcu.externaltools.gnu-tools-for-stm32.9-2020-q2-update.win32_2.0.0.202105311346/tools/bin/../lib/gcc/arm-none-eabi/9.3.1/../../../../arm-none-eabi/lib/thumb/v6-m/nofp/crt0.o (memset)
c:/st/stm32cubeide_1.8.0/stm32cubeide/plugins/com.st.stm32cube.ide.mcu.externaltools.gnu-tools-for-stm32.9-2020-q2-update.win32_2.0.0.202105311346/tools/bin/../lib/gcc/arm-none-eabi/9.3.1/thumb/v6-m/nofp\libgcc.a(_udivsi3.o)
                              ./Core/Src/main.o (__aeabi_uidiv)
c:/st/stm32cubeide_1.8.0/stm32cubeide/plugins/com.st.stm32cube.ide.mcu.externaltools.gnu-tools-for-stm32.9-2020-q2-update.win32_2.0.0.202105311346/tools/bin/../lib/gcc/arm-none-eabi/9.3.1/thumb/v6-m/nofp\libgcc.a(_dvmd_tls.o)
                              c:/st/stm32cubeide_1.8.0/stm32cubeide/plugins/com.st.stm32cube.ide.mcu.externaltools.gnu-tools-for-stm32.9-2020-q2-update.win32_2.0.0.202105311346/tools/bin/../lib/gcc/arm-none-eabi/9.3.1/thumb/v6-m/nofp\libgcc.a(_udivsi3.o) (__aeabi_idiv0)

Allocating common symbols
Common symbol       size              file

uwTick              0x4               ./Drivers/STM32F0xx_HAL_Driver/Src/stm32f0xx_hal.o
pFlash              0x20              ./Drivers/STM32F0xx_HAL_Driver/Src/stm32f0xx_hal_flash.o
huart2              0x84              ./Core/Src/main.o
hadc                0x40              ./Core/Src/main.o

Discarded input sections

 .text          0x0000000000000000        0x0 c:/st/stm32cubeide_1.8.0/stm32cubeide/plugins/com.st.stm32cube.ide.mcu.externaltools.gnu-tools-for-stm32.9-2020-q2-update.win32_2.0.0.202105311346/tools/bin/../lib/gcc/arm-none-eabi/9.3.1/thumb/v6-m/nofp/crti.o
 .data          0x0000000000000000        0x0 c:/st/stm32cubeide_1.8.0/stm32cubeide/plugins/com.st.stm32cube.ide.mcu.externaltools.gnu-tools-for-stm32.9-2020-q2-update.win32_2.0.0.202105311346/tools/bin/../lib/gcc/arm-none-eabi/9.3.1/thumb/v6-m/nofp/crti.o
 .bss           0x0000000000000000        0x0 c:/st/stm32cubeide_1.8.0/stm32cubeide/plugins/com.st.stm32cube.ide.mcu.externaltools.gnu-tools-for-stm32.9-2020-q2-update.win32_2.0.0.202105311346/tools/bin/../lib/gcc/arm-none-eabi/9.3.1/thumb/v6-m/nofp/crti.o
 .data          0x0000000000000000        0x4 c:/st/stm32cubeide_1.8.0/stm32cubeide/plugins/com.st.stm32cube.ide.mcu.externaltools.gnu-tools-for-stm32.9-2020-q2-update.win32_2.0.0.202105311346/tools/bin/../lib/gcc/arm-none-eabi/9.3.1/thumb/v6-m/nofp/crtbegin.o
[...]
Memory Configuration

Name             Origin             Length             Attributes
RAM              0x0000000020000000 0x0000000000002000 xrw
FLASH            0x0000000008000000 0x0000000000010000 xr
*default*        0x0000000000000000 0xffffffffffffffff

Linker script and memory map

LOAD c:/st/stm32cubeide_1.8.0/stm32cubeide/plugins/com.st.stm32cube.ide.mcu.externaltools.gnu-tools-for-stm32.9-2020-q2-update.win32_2.0.0.202105311346/tools/bin/../lib/gcc/arm-none-eabi/9.3.1/thumb/v6-m/nofp/crti.o
LOAD c:/st/stm32cubeide_1.8.0/stm32cubeide/plugins/com.st.stm32cube.ide.mcu.externaltools.gnu-tools-for-stm32.9-2020-q2-update.win32_2.0.0.202105311346/tools/bin/../lib/gcc/arm-none-eabi/9.3.1/thumb/v6-m/nofp/crtbegin.o
LOAD c:/st/stm32cubeide_1.8.0/stm32cubeide/plugins/com.st.stm32cube.ide.mcu.externaltools.gnu-tools-for-stm32.9-2020-q2-update.win32_2.0.0.202105311346/tools/bin/../lib/gcc/arm-none-eabi/9.3.1/../../../../arm-none-eabi/lib/thumb/v6-m/nofp/crt0.o
LOAD ./Core/Src/main.o
LOAD ./Core/Src/sct.o
LOAD ./Core/Src/stm32f0xx_hal_msp.o
LOAD ./Core/Src/stm32f0xx_it.o
LOAD ./Core/Src/syscalls.o
LOAD ./Core/Src/sysmem.o
LOAD ./Core/Src/system_stm32f0xx.o
LOAD ./Core/Startup/startup_stm32f030r8tx.o
LOAD ./Drivers/STM32F0xx_HAL_Driver/Src/stm32f0xx_hal.o
LOAD ./Drivers/STM32F0xx_HAL_Driver/Src/stm32f0xx_hal_adc.o
LOAD ./Drivers/STM32F0xx_HAL_Driver/Src/stm32f0xx_hal_adc_ex.o
LOAD ./Drivers/STM32F0xx_HAL_Driver/Src/stm32f0xx_hal_cortex.o
LOAD ./Drivers/STM32F0xx_HAL_Driver/Src/stm32f0xx_hal_dma.o
LOAD ./Drivers/STM32F0xx_HAL_Driver/Src/stm32f0xx_hal_exti.o
LOAD ./Drivers/STM32F0xx_HAL_Driver/Src/stm32f0xx_hal_flash.o
LOAD ./Drivers/STM32F0xx_HAL_Driver/Src/stm32f0xx_hal_flash_ex.o
LOAD ./Drivers/STM32F0xx_HAL_Driver/Src/stm32f0xx_hal_gpio.o
LOAD ./Drivers/STM32F0xx_HAL_Driver/Src/stm32f0xx_hal_i2c.o
LOAD ./Drivers/STM32F0xx_HAL_Driver/Src/stm32f0xx_hal_i2c_ex.o
LOAD ./Drivers/STM32F0xx_HAL_Driver/Src/stm32f0xx_hal_pwr.o
LOAD ./Drivers/STM32F0xx_HAL_Driver/Src/stm32f0xx_hal_pwr_ex.o
LOAD ./Drivers/STM32F0xx_HAL_Driver/Src/stm32f0xx_hal_rcc.o
LOAD ./Drivers/STM32F0xx_HAL_Driver/Src/stm32f0xx_hal_rcc_ex.o
LOAD ./Drivers/STM32F0xx_HAL_Driver/Src/stm32f0xx_hal_tim.o
LOAD ./Drivers/STM32F0xx_HAL_Driver/Src/stm32f0xx_hal_tim_ex.o
LOAD ./Drivers/STM32F0xx_HAL_Driver/Src/stm32f0xx_hal_uart.o
LOAD ./Drivers/STM32F0xx_HAL_Driver/Src/stm32f0xx_hal_uart_ex.o
START GROUP
LOAD c:/st/stm32cubeide_1.8.0/stm32cubeide/plugins/com.st.stm32cube.ide.mcu.externaltools.gnu-tools-for-stm32.9-2020-q2-update.win32_2.0.0.202105311346/tools/bin/../lib/gcc/arm-none-eabi/9.3.1/../../../../arm-none-eabi/lib/thumb/v6-m/nofp\libc_nano.a
LOAD c:/st/stm32cubeide_1.8.0/stm32cubeide/plugins/com.st.stm32cube.ide.mcu.externaltools.gnu-tools-for-stm32.9-2020-q2-update.win32_2.0.0.202105311346/tools/bin/../lib/gcc/arm-none-eabi/9.3.1/../../../../arm-none-eabi/lib/thumb/v6-m/nofp\libm.a
END GROUP
START GROUP
LOAD c:/st/stm32cubeide_1.8.0/stm32cubeide/plugins/com.st.stm32cube.ide.mcu.externaltools.gnu-tools-for-stm32.9-2020-q2-update.win32_2.0.0.202105311346/tools/bin/../lib/gcc/arm-none-eabi/9.3.1/thumb/v6-m/nofp\libgcc.a
LOAD c:/st/stm32cubeide_1.8.0/stm32cubeide/plugins/com.st.stm32cube.ide.mcu.externaltools.gnu-tools-for-stm32.9-2020-q2-update.win32_2.0.0.202105311346/tools/bin/../lib/gcc/arm-none-eabi/9.3.1/../../../../arm-none-eabi/lib/thumb/v6-m/nofp\libc_nano.a
END GROUP
START GROUP
LOAD c:/st/stm32cubeide_1.8.0/stm32cubeide/plugins/com.st.stm32cube.ide.mcu.externaltools.gnu-tools-for-stm32.9-2020-q2-update.win32_2.0.0.202105311346/tools/bin/../lib/gcc/arm-none-eabi/9.3.1/thumb/v6-m/nofp\libgcc.a
LOAD c:/st/stm32cubeide_1.8.0/stm32cubeide/plugins/com.st.stm32cube.ide.mcu.externaltools.gnu-tools-for-stm32.9-2020-q2-update.win32_2.0.0.202105311346/tools/bin/../lib/gcc/arm-none-eabi/9.3.1/../../../../arm-none-eabi/lib/thumb/v6-m/nofp\libc_nano.a
LOAD c:/st/stm32cubeide_1.8.0/stm32cubeide/plugins/com.st.stm32cube.ide.mcu.externaltools.gnu-tools-for-stm32.9-2020-q2-update.win32_2.0.0.202105311346/tools/bin/../lib/gcc/arm-none-eabi/9.3.1/../../../../arm-none-eabi/lib/thumb/v6-m/nofp\libnosys.a
END GROUP
START GROUP
LOAD c:/st/stm32cubeide_1.8.0/stm32cubeide/plugins/com.st.stm32cube.ide.mcu.externaltools.gnu-tools-for-stm32.9-2020-q2-update.win32_2.0.0.202105311346/tools/bin/../lib/gcc/arm-none-eabi/9.3.1/thumb/v6-m/nofp\libgcc.a
LOAD c:/st/stm32cubeide_1.8.0/stm32cubeide/plugins/com.st.stm32cube.ide.mcu.externaltools.gnu-tools-for-stm32.9-2020-q2-update.win32_2.0.0.202105311346/tools/bin/../lib/gcc/arm-none-eabi/9.3.1/../../../../arm-none-eabi/lib/thumb/v6-m/nofp\libc_nano.a
LOAD c:/st/stm32cubeide_1.8.0/stm32cubeide/plugins/com.st.stm32cube.ide.mcu.externaltools.gnu-tools-for-stm32.9-2020-q2-update.win32_2.0.0.202105311346/tools/bin/../lib/gcc/arm-none-eabi/9.3.1/../../../../arm-none-eabi/lib/thumb/v6-m/nofp\libnosys.a
END GROUP
LOAD c:/st/stm32cubeide_1.8.0/stm32cubeide/plugins/com.st.stm32cube.ide.mcu.externaltools.gnu-tools-for-stm32.9-2020-q2-update.win32_2.0.0.202105311346/tools/bin/../lib/gcc/arm-none-eabi/9.3.1/thumb/v6-m/nofp/crtend.o
LOAD c:/st/stm32cubeide_1.8.0/stm32cubeide/plugins/com.st.stm32cube.ide.mcu.externaltools.gnu-tools-for-stm32.9-2020-q2-update.win32_2.0.0.202105311346/tools/bin/../lib/gcc/arm-none-eabi/9.3.1/thumb/v6-m/nofp/crtn.o
                0x0000000020002000                _estack = (ORIGIN (RAM) + LENGTH (RAM))
                0x0000000000000200                _Min_Heap_Size = 0x200
                0x0000000000000400                _Min_Stack_Size = 0x400

.isr_vector     0x0000000008000000       0xc0
                0x0000000008000000                . = ALIGN (0x4)
 *(.isr_vector)
 .isr_vector    0x0000000008000000       0xc0 ./Core/Startup/startup_stm32f030r8tx.o
                0x0000000008000000                g_pfnVectors
                0x00000000080000c0                . = ALIGN (0x4)

.text           0x00000000080000c0     0x2788
                0x00000000080000c0                . = ALIGN (0x4)
 *(.text)
 .text          0x00000000080000c0       0x48 c:/st/stm32cubeide_1.8.0/stm32cubeide/plugins/com.st.stm32cube.ide.mcu.externaltools.gnu-tools-for-stm32.9-2020-q2-update.win32_2.0.0.202105311346/tools/bin/../lib/gcc/arm-none-eabi/9.3.1/thumb/v6-m/nofp/crtbegin.o
 .text          0x0000000008000108      0x114 c:/st/stm32cubeide_1.8.0/stm32cubeide/plugins/com.st.stm32cube.ide.mcu.externaltools.gnu-tools-for-stm32.9-2020-q2-update.win32_2.0.0.202105311346/tools/bin/../lib/gcc/arm-none-eabi/9.3.1/thumb/v6-m/nofp\libgcc.a(_udivsi3.o)
                0x0000000008000108                __aeabi_uidiv
                0x0000000008000108                __udivsi3
                0x0000000008000214                __aeabi_uidivmod
 .text          0x000000000800021c        0x4 c:/st/stm32cubeide_1.8.0/stm32cubeide/plugins/com.st.stm32cube.ide.mcu.externaltools.gnu-tools-for-stm32.9-2020-q2-update.win32_2.0.0.202105311346/tools/bin/../lib/gcc/arm-none-eabi/9.3.1/thumb/v6-m/nofp\libgcc.a(_dvmd_tls.o)
                0x000000000800021c                __aeabi_idiv0
                0x000000000800021c                __aeabi_ldiv0
 *(.text*)
 .text.HAL_ADC_ConvCpltCallback
                0x0000000008000220       0x44 ./Core/Src/main.o
                0x0000000008000220                HAL_ADC_ConvCpltCallback
 .text.main     0x0000000008000264       0xb4 ./Core/Src/main.o
                0x0000000008000264                main
 .text.SystemClock_Config
                0x0000000008000318       0xa0 ./Core/Src/main.o
                0x0000000008000318                SystemClock_Config
 .text.MX_ADC_Init
                0x00000000080003b8       0xb4 ./Core/Src/main.o
 .text.MX_USART2_UART_Init
                0x000000000800046c       0x60 ./Core/Src/main.o
 .text.MX_GPIO_Init
                0x00000000080004cc      0x128 ./Core/Src/main.o
 .text.Error_Handler
                0x00000000080005f4        0xa ./Core/Src/main.o
                0x00000000080005f4                Error_Handler
 .text.sct_init
                0x00000000080005fe       0x10 ./Core/Src/sct.o
                0x00000000080005fe                sct_init
 *fill*         0x000000000800060e        0x2 
 .text.sct_led  0x0000000008000610       0x80 ./Core/Src/sct.o
                0x0000000008000610                sct_led
 .text.sct_value
                0x0000000008000690       0xb4 ./Core/Src/sct.o
                0x0000000008000690                sct_value
 .text.HAL_MspInit
                0x0000000008000744       0x48 ./Core/Src/stm32f0xx_hal_msp.o
                0x0000000008000744                HAL_MspInit
 .text.HAL_ADC_MspInit
                0x000000000800078c       0x9c ./Core/Src/stm32f0xx_hal_msp.o
                0x000000000800078c                HAL_ADC_MspInit
 .text.HAL_UART_MspInit
                0x0000000008000828       0x98 ./Core/Src/stm32f0xx_hal_msp.o
                0x0000000008000828                HAL_UART_MspInit
 .text.NMI_Handler
                0x00000000080008c0        0x6 ./Core/Src/stm32f0xx_it.o
                0x00000000080008c0                NMI_Handler
 .text.HardFault_Handler
                0x00000000080008c6        0x6 ./Core/Src/stm32f0xx_it.o
                0x00000000080008c6                HardFault_Handler
 .text.SVC_Handler
                0x00000000080008cc        0xa ./Core/Src/stm32f0xx_it.o
                0x00000000080008cc                SVC_Handler
 .text.PendSV_Handler
                0x00000000080008d6        0xa ./Core/Src/stm32f0xx_it.o
                0x00000000080008d6                PendSV_Handler
 .text.SysTick_Handler
                0x00000000080008e0        0xe ./Core/Src/stm32f0xx_it.o
                0x00000000080008e0                SysTick_Handler
 *fill*         0x00000000080008ee        0x2 
 .text.ADC1_IRQHandler
                0x00000000080008f0       0x18 ./Core/Src/stm32f0xx_it.o
                0x00000000080008f0                ADC1_IRQHandler
 .text.SystemInit
                0x0000000008000908        0xa ./Core/Src/system_stm32f0xx.o
                0x0000000008000908                SystemInit
 *fill*         0x0000000008000912        0x2 
 .text.Reset_Handler
                0x0000000008000914       0x50 ./Core/Startup/startup_stm32f030r8tx.o
                0x0000000008000914                Reset_Handler
 .text.Default_Handler
                0x0000000008000964        0x2 ./Core/Startup/startup_stm32f030r8tx.o
                0x0000000008000964                TIM1_CC_IRQHandler
                0x0000000008000964                TIM6_IRQHandler
                0x0000000008000964                I2C1_IRQHandler
                0x0000000008000964                SPI1_IRQHandler
                0x0000000008000964                EXTI2_3_IRQHandler
                0x0000000008000964                I2C2_IRQHandler
                0x0000000008000964                TIM17_IRQHandler
                0x0000000008000964                RTC_IRQHandler
                0x0000000008000964                TIM16_IRQHandler
                0x0000000008000964                TIM3_IRQHandler
                0x0000000008000964                EXTI4_15_IRQHandler
                0x0000000008000964                RCC_IRQHandler
                0x0000000008000964                DMA1_Channel1_IRQHandler
                0x0000000008000964                Default_Handler
                0x0000000008000964                TIM14_IRQHandler
                0x0000000008000964                DMA1_Channel4_5_IRQHandler
                0x0000000008000964                TIM15_IRQHandler
                0x0000000008000964                EXTI0_1_IRQHandler
                0x0000000008000964                SPI2_IRQHandler
                0x0000000008000964                WWDG_IRQHandler
                0x0000000008000964                DMA1_Channel2_3_IRQHandler
                0x0000000008000964                USART2_IRQHandler
                0x0000000008000964                FLASH_IRQHandler
                0x0000000008000964                USART1_IRQHandler
                0x0000000008000964                TIM1_BRK_UP_TRG_COM_IRQHandler
 *fill*         0x0000000008000966        0x2 
 .text.HAL_Init
                0x0000000008000968       0x28 ./Drivers/STM32F0xx_HAL_Driver/Src/stm32f0xx_hal.o
                0x0000000008000968                HAL_Init
 .text.HAL_InitTick
                0x0000000008000990       0x68 ./Drivers/STM32F0xx_HAL_Driver/Src/stm32f0xx_hal.o
                0x0000000008000990                HAL_InitTick
 .text.HAL_IncTick
                0x00000000080009f8       0x24 ./Drivers/STM32F0xx_HAL_Driver/Src/stm32f0xx_hal.o
                0x00000000080009f8                HAL_IncTick
 .text.HAL_GetTick
                0x0000000008000a1c       0x14 ./Drivers/STM32F0xx_HAL_Driver/Src/stm32f0xx_hal.o
                0x0000000008000a1c                HAL_GetTick
 .text.HAL_ADC_Init
                0x0000000008000a30      0x280 ./Drivers/STM32F0xx_HAL_Driver/Src/stm32f0xx_hal_adc.o
                0x0000000008000a30                HAL_ADC_Init
 .text.HAL_ADC_Start_IT
                0x0000000008000cb0       0xe4 ./Drivers/STM32F0xx_HAL_Driver/Src/stm32f0xx_hal_adc.o
                0x0000000008000cb0                HAL_ADC_Start_IT
 .text.HAL_ADC_GetValue
                0x0000000008000d94       0x16 ./Drivers/STM32F0xx_HAL_Driver/Src/stm32f0xx_hal_adc.o
                0x0000000008000d94                HAL_ADC_GetValue
 *fill*         0x0000000008000daa        0x2 
 .text.HAL_ADC_IRQHandler
                0x0000000008000dac      0x170 ./Drivers/STM32F0xx_HAL_Driver/Src/stm32f0xx_hal_adc.o
                0x0000000008000dac                HAL_ADC_IRQHandler
 .text.HAL_ADC_LevelOutOfWindowCallback
                0x0000000008000f1c       0x10 ./Drivers/STM32F0xx_HAL_Driver/Src/stm32f0xx_hal_adc.o
                0x0000000008000f1c                HAL_ADC_LevelOutOfWindowCallback
 .text.HAL_ADC_ErrorCallback
                0x0000000008000f2c       0x10 ./Drivers/STM32F0xx_HAL_Driver/Src/stm32f0xx_hal_adc.o
                0x0000000008000f2c                HAL_ADC_ErrorCallback
 .text.HAL_ADC_ConfigChannel
                0x0000000008000f3c      0x1ec ./Drivers/STM32F0xx_HAL_Driver/Src/stm32f0xx_hal_adc.o
                0x0000000008000f3c                HAL_ADC_ConfigChannel
 .text.ADC_Enable
                0x0000000008001128      0x108 ./Drivers/STM32F0xx_HAL_Driver/Src/stm32f0xx_hal_adc.o
 .text.HAL_ADCEx_Calibration_Start
                0x0000000008001230      0x150 ./Drivers/STM32F0xx_HAL_Driver/Src/stm32f0xx_hal_adc_ex.o
                0x0000000008001230                HAL_ADCEx_Calibration_Start
 .text.__NVIC_EnableIRQ
                0x0000000008001380       0x34 ./Drivers/STM32F0xx_HAL_Driver/Src/stm32f0xx_hal_cortex.o
 .text.__NVIC_SetPriority
                0x00000000080013b4       0xdc ./Drivers/STM32F0xx_HAL_Driver/Src/stm32f0xx_hal_cortex.o
 .text.SysTick_Config
                0x0000000008001490       0x48 ./Drivers/STM32F0xx_HAL_Driver/Src/stm32f0xx_hal_cortex.o
 .text.HAL_NVIC_SetPriority
                0x00000000080014d8       0x2a ./Drivers/STM32F0xx_HAL_Driver/Src/stm32f0xx_hal_cortex.o
                0x00000000080014d8                HAL_NVIC_SetPriority
 .text.HAL_NVIC_EnableIRQ
                0x0000000008001502       0x20 ./Drivers/STM32F0xx_HAL_Driver/Src/stm32f0xx_hal_cortex.o
                0x0000000008001502                HAL_NVIC_EnableIRQ
 .text.HAL_SYSTICK_Config
                0x0000000008001522       0x1a ./Drivers/STM32F0xx_HAL_Driver/Src/stm32f0xx_hal_cortex.o
                0x0000000008001522                HAL_SYSTICK_Config
 .text.HAL_GPIO_Init
                0x000000000800153c      0x2e0 ./Drivers/STM32F0xx_HAL_Driver/Src/stm32f0xx_hal_gpio.o
                0x000000000800153c                HAL_GPIO_Init
 .text.HAL_GPIO_WritePin
                0x000000000800181c       0x3a ./Drivers/STM32F0xx_HAL_Driver/Src/stm32f0xx_hal_gpio.o
                0x000000000800181c                HAL_GPIO_WritePin
 *fill*         0x0000000008001856        0x2 
 .text.HAL_RCC_OscConfig
                0x0000000008001858      0x634 ./Drivers/STM32F0xx_HAL_Driver/Src/stm32f0xx_hal_rcc.o
                0x0000000008001858                HAL_RCC_OscConfig
 .text.HAL_RCC_ClockConfig
                0x0000000008001e8c      0x19c ./Drivers/STM32F0xx_HAL_Driver/Src/stm32f0xx_hal_rcc.o
                0x0000000008001e8c                HAL_RCC_ClockConfig
 .text.HAL_RCC_GetSysClockFreq
                0x0000000008002028       0xc8 ./Drivers/STM32F0xx_HAL_Driver/Src/stm32f0xx_hal_rcc.o
                0x0000000008002028                HAL_RCC_GetSysClockFreq
 .text.HAL_RCC_GetHCLKFreq
                0x00000000080020f0       0x14 ./Drivers/STM32F0xx_HAL_Driver/Src/stm32f0xx_hal_rcc.o
                0x00000000080020f0                HAL_RCC_GetHCLKFreq
 .text.HAL_RCC_GetPCLK1Freq
                0x0000000008002104       0x2c ./Drivers/STM32F0xx_HAL_Driver/Src/stm32f0xx_hal_rcc.o
                0x0000000008002104                HAL_RCC_GetPCLK1Freq
 .text.HAL_UART_Init
                0x0000000008002130       0xa8 ./Drivers/STM32F0xx_HAL_Driver/Src/stm32f0xx_hal_uart.o
                0x0000000008002130                HAL_UART_Init
 .text.UART_SetConfig
                0x00000000080021d8      0x280 ./Drivers/STM32F0xx_HAL_Driver/Src/stm32f0xx_hal_uart.o
                0x00000000080021d8                UART_SetConfig
 .text.UART_AdvFeatureConfig
                0x0000000008002458      0x168 ./Drivers/STM32F0xx_HAL_Driver/Src/stm32f0xx_hal_uart.o
                0x0000000008002458                UART_AdvFeatureConfig
 .text.UART_CheckIdleState
                0x00000000080025c0       0x90 ./Drivers/STM32F0xx_HAL_Driver/Src/stm32f0xx_hal_uart.o
                0x00000000080025c0                UART_CheckIdleState
 .text.UART_WaitOnFlagUntilTimeout
                0x0000000008002650      0x188 ./Drivers/STM32F0xx_HAL_Driver/Src/stm32f0xx_hal_uart.o
                0x0000000008002650                UART_WaitOnFlagUntilTimeout
 .text.__libc_init_array
                0x00000000080027d8       0x48 c:/st/stm32cubeide_1.8.0/stm32cubeide/plugins/com.st.stm32cube.ide.mcu.externaltools.gnu-tools-for-stm32.9-2020-q2-update.win32_2.0.0.202105311346/tools/bin/../lib/gcc/arm-none-eabi/9.3.1/../../../../arm-none-eabi/lib/thumb/v6-m/nofp\libc_nano.a(lib_a-init.o)
                0x00000000080027d8                __libc_init_array
 .text.memset   0x0000000008002820       0x10 c:/st/stm32cubeide_1.8.0/stm32cubeide/plugins/com.st.stm32cube.ide.mcu.externaltools.gnu-tools-for-stm32.9-2020-q2-update.win32_2.0.0.202105311346/tools/bin/../lib/gcc/arm-none-eabi/9.3.1/../../../../arm-none-eabi/lib/thumb/v6-m/nofp\libc_nano.a(lib_a-memset.o)
                0x0000000008002820                memset
 *(.glue_7)
 .glue_7        0x0000000008002830        0x0 linker stubs
 *(.glue_7t)
 .glue_7t       0x0000000008002830        0x0 linker stubs
 *(.eh_frame)
 .eh_frame      0x0000000008002830        0x0 c:/st/stm32cubeide_1.8.0/stm32cubeide/plugins/com.st.stm32cube.ide.mcu.externaltools.gnu-tools-for-stm32.9-2020-q2-update.win32_2.0.0.202105311346/tools/bin/../lib/gcc/arm-none-eabi/9.3.1/thumb/v6-m/nofp/crtbegin.o
 *(.init)
 .init          0x0000000008002830        0x4 c:/st/stm32cubeide_1.8.0/stm32cubeide/plugins/com.st.stm32cube.ide.mcu.externaltools.gnu-tools-for-stm32.9-2020-q2-update.win32_2.0.0.202105311346/tools/bin/../lib/gcc/arm-none-eabi/9.3.1/thumb/v6-m/nofp/crti.o
                0x0000000008002830                _init
 .init          0x0000000008002834        0x8 c:/st/stm32cubeide_1.8.0/stm32cubeide/plugins/com.st.stm32cube.ide.mcu.externaltools.gnu-tools-for-stm32.9-2020-q2-update.win32_2.0.0.202105311346/tools/bin/../lib/gcc/arm-none-eabi/9.3.1/thumb/v6-m/nofp/crtn.o
 *(.fini)
 .fini          0x000000000800283c        0x4 c:/st/stm32cubeide_1.8.0/stm32cubeide/plugins/com.st.stm32cube.ide.mcu.externaltools.gnu-tools-for-stm32.9-2020-q2-update.win32_2.0.0.202105311346/tools/bin/../lib/gcc/arm-none-eabi/9.3.1/thumb/v6-m/nofp/crti.o
                0x000000000800283c                _fini
 .fini          0x0000000008002840        0x8 c:/st/stm32cubeide_1.8.0/stm32cubeide/plugins/com.st.stm32cube.ide.mcu.externaltools.gnu-tools-for-stm32.9-2020-q2-update.win32_2.0.0.202105311346/tools/bin/../lib/gcc/arm-none-eabi/9.3.1/thumb/v6-m/nofp/crtn.o
                0x0000000008002848                . = ALIGN (0x4)
                0x0000000008002848                _etext = .

.vfp11_veneer   0x0000000008002848        0x0
 .vfp11_veneer  0x0000000008002848        0x0 linker stubs

.v4_bx          0x0000000008002848        0x0
 .v4_bx         0x0000000008002848        0x0 linker stubs

.iplt           0x0000000008002848        0x0
 .iplt          0x0000000008002848        0x0 c:/st/stm32cubeide_1.8.0/stm32cubeide/plugins/com.st.stm32cube.ide.mcu.externaltools.gnu-tools-for-stm32.9-2020-q2-update.win32_2.0.0.202105311346/tools/bin/../lib/gcc/arm-none-eabi/9.3.1/thumb/v6-m/nofp/crtbegin.o

.rodata         0x0000000008002848       0xd8
                0x0000000008002848                . = ALIGN (0x4)
 *(.rodata)
 .rodata        0x0000000008002848       0x20 ./Drivers/STM32F0xx_HAL_Driver/Src/stm32f0xx_hal_rcc.o
 *(.rodata*)
 .rodata.reg_values.5658
                0x0000000008002868       0xa0 ./Core/Src/sct.o
 .rodata.AHBPrescTable
                0x0000000008002908       0x10 ./Core/Src/system_stm32f0xx.o
                0x0000000008002908                AHBPrescTable
 .rodata.APBPrescTable
                0x0000000008002918        0x8 ./Core/Src/system_stm32f0xx.o
                0x0000000008002918                APBPrescTable
                0x0000000008002920                . = ALIGN (0x4)

.rel.dyn        0x0000000008002920        0x0
 .rel.iplt      0x0000000008002920        0x0 c:/st/stm32cubeide_1.8.0/stm32cubeide/plugins/com.st.stm32cube.ide.mcu.externaltools.gnu-tools-for-stm32.9-2020-q2-update.win32_2.0.0.202105311346/tools/bin/../lib/gcc/arm-none-eabi/9.3.1/thumb/v6-m/nofp/crtbegin.o

.ARM.extab      0x0000000008002920        0x0
                0x0000000008002920                . = ALIGN (0x4)
 *(.ARM.extab* .gnu.linkonce.armextab.*)
                0x0000000008002920                . = ALIGN (0x4)

.ARM            0x0000000008002920        0x0
                0x0000000008002920                . = ALIGN (0x4)
                0x0000000008002920                __exidx_start = .
 *(.ARM.exidx*)
                0x0000000008002920                __exidx_end = .
                0x0000000008002920                . = ALIGN (0x4)

.preinit_array  0x0000000008002920        0x0
                0x0000000008002920                . = ALIGN (0x4)
                0x0000000008002920                PROVIDE (__preinit_array_start = .)
 *(.preinit_array*)
                0x0000000008002920                PROVIDE (__preinit_array_end = .)
                0x0000000008002920                . = ALIGN (0x4)

.init_array     0x0000000008002920        0x4
                0x0000000008002920                . = ALIGN (0x4)
                0x0000000008002920                PROVIDE (__init_array_start = .)
 *(SORT_BY_NAME(.init_array.*))
 *(.init_array*)
 .init_array    0x0000000008002920        0x4 c:/st/stm32cubeide_1.8.0/stm32cubeide/plugins/com.st.stm32cube.ide.mcu.externaltools.gnu-tools-for-stm32.9-2020-q2-update.win32_2.0.0.202105311346/tools/bin/../lib/gcc/arm-none-eabi/9.3.1/thumb/v6-m/nofp/crtbegin.o
                0x0000000008002924                PROVIDE (__init_array_end = .)
                0x0000000008002924                . = ALIGN (0x4)

.fini_array     0x0000000008002924        0x4
                0x0000000008002924                . = ALIGN (0x4)
                [!provide]                        PROVIDE (__fini_array_start = .)
 *(SORT_BY_NAME(.fini_array.*))
 *(.fini_array*)
 .fini_array    0x0000000008002924        0x4 c:/st/stm32cubeide_1.8.0/stm32cubeide/plugins/com.st.stm32cube.ide.mcu.externaltools.gnu-tools-for-stm32.9-2020-q2-update.win32_2.0.0.202105311346/tools/bin/../lib/gcc/arm-none-eabi/9.3.1/thumb/v6-m/nofp/crtbegin.o
                [!provide]                        PROVIDE (__fini_array_end = .)
                0x0000000008002928                . = ALIGN (0x4)
                0x0000000008002928                _sidata = LOADADDR (.data)

.data           0x0000000020000000        0xc load address 0x0000000008002928
                0x0000000020000000                . = ALIGN (0x4)
                0x0000000020000000                _sdata = .
 *(.data)
 *(.data*)
 .data.SystemCoreClock
                0x0000000020000000        0x4 ./Core/Src/system_stm32f0xx.o
                0x0000000020000000                SystemCoreClock
 .data.uwTickPrio
                0x0000000020000004        0x4 ./Drivers/STM32F0xx_HAL_Driver/Src/stm32f0xx_hal.o
                0x0000000020000004                uwTickPrio
 .data.uwTickFreq
                0x0000000020000008        0x1 ./Drivers/STM32F0xx_HAL_Driver/Src/stm32f0xx_hal.o
                0x0000000020000008                uwTickFreq
 *(.RamFunc)
 *(.RamFunc*)
                0x000000002000000c                . = ALIGN (0x4)
 *fill*         0x0000000020000009        0x3 
                0x000000002000000c                _edata = .

.igot.plt       0x000000002000000c        0x0 load address 0x0000000008002934
 .igot.plt      0x000000002000000c        0x0 c:/st/stm32cubeide_1.8.0/stm32cubeide/plugins/com.st.stm32cube.ide.mcu.externaltools.gnu-tools-for-stm32.9-2020-q2-update.win32_2.0.0.202105311346/tools/bin/../lib/gcc/arm-none-eabi/9.3.1/thumb/v6-m/nofp/crtbegin.o
                0x000000002000000c                . = ALIGN (0x4)

.bss            0x000000002000000c       0xf4 load address 0x0000000008002934
                0x000000002000000c                _sbss = .
                0x000000002000000c                __bss_start__ = _sbss
 *(.bss)
 .bss           0x000000002000000c       0x1c c:/st/stm32cubeide_1.8.0/stm32cubeide/plugins/com.st.stm32cube.ide.mcu.externaltools.gnu-tools-for-stm32.9-2020-q2-update.win32_2.0.0.202105311346/tools/bin/../lib/gcc/arm-none-eabi/9.3.1/thumb/v6-m/nofp/crtbegin.o
 *(.bss*)
 .bss.ADvalue   0x0000000020000028        0x4 ./Core/Src/main.o
 .bss.ADaverage.6689
                0x000000002000002c        0x4 ./Core/Src/main.o
 .bss.timer.6693
                0x0000000020000030        0x4 ./Core/Src/main.o
 .bss.counter.6694
                0x0000000020000034        0x4 ./Core/Src/main.o
 *(COMMON)
 COMMON         0x0000000020000038       0xc4 ./Core/Src/main.o
                0x0000000020000038                huart2
                0x00000000200000bc                hadc
 COMMON         0x00000000200000fc        0x4 ./Drivers/STM32F0xx_HAL_Driver/Src/stm32f0xx_hal.o
                0x00000000200000fc                uwTick
                0x0000000020000100                . = ALIGN (0x4)
                0x0000000020000100                _ebss = .
                0x0000000020000100                __bss_end__ = _ebss

._user_heap_stack
                0x0000000020000100      0x600 load address 0x0000000008002934
                0x0000000020000100                . = ALIGN (0x8)
                [!provide]                        PROVIDE (end = .)
                0x0000000020000100                PROVIDE (_end = .)
                0x0000000020000300                . = (. + _Min_Heap_Size)
 *fill*         0x0000000020000100      0x200 
                0x0000000020000700                . = (. + _Min_Stack_Size)
 *fill*         0x0000000020000300      0x400 
                0x0000000020000700                . = ALIGN (0x8)

/DISCARD/
 libc.a(*)
 libm.a(*)
 libgcc.a(*)

.ARM.attributes
                0x0000000000000000       0x28
 *(.ARM.attributes)
 .ARM.attributes
                0x0000000000000000       0x1e c:/st/stm32cubeide_1.8.0/stm32cubeide/plugins/com.st.stm32cube.ide.mcu.externaltools.gnu-tools-for-stm32.9-2020-q2-update.win32_2.0.0.202105311346/tools/bin/../lib/gcc/arm-none-eabi/9.3.1/thumb/v6-m/nofp/crti.o
 .ARM.attributes
                0x000000000000001e       0x2c c:/st/stm32cubeide_1.8.0/stm32cubeide/plugins/com.st.stm32cube.ide.mcu.externaltools.gnu-tools-for-stm32.9-2020-q2-update.win32_2.0.0.202105311346/tools/bin/../lib/gcc/arm-none-eabi/9.3.1/thumb/v6-m/nofp/crtbegin.o
 .ARM.attributes
                0x000000000000004a       0x2c ./Core/Src/main.o
 .ARM.attributes
                0x0000000000000076       0x2c ./Core/Src/sct.o
 .ARM.attributes
                0x00000000000000a2       0x2c ./Core/Src/stm32f0xx_hal_msp.o
 .ARM.attributes
                0x00000000000000ce       0x2c ./Core/Src/stm32f0xx_it.o
 .ARM.attributes
                0x00000000000000fa       0x2c ./Core/Src/system_stm32f0xx.o
 .ARM.attributes
                0x0000000000000126       0x21 ./Core/Startup/startup_stm32f030r8tx.o
 .ARM.attributes
                0x0000000000000147       0x2c ./Drivers/STM32F0xx_HAL_Driver/Src/stm32f0xx_hal.o
 .ARM.attributes
                0x0000000000000173       0x2c ./Drivers/STM32F0xx_HAL_Driver/Src/stm32f0xx_hal_adc.o
 .ARM.attributes
                0x000000000000019f       0x2c ./Drivers/STM32F0xx_HAL_Driver/Src/stm32f0xx_hal_adc_ex.o
 .ARM.attributes
                0x00000000000001cb       0x2c ./Drivers/STM32F0xx_HAL_Driver/Src/stm32f0xx_hal_cortex.o
 .ARM.attributes
                0x00000000000001f7       0x2c ./Drivers/STM32F0xx_HAL_Driver/Src/stm32f0xx_hal_gpio.o
 .ARM.attributes
                0x0000000000000223       0x2c ./Drivers/STM32F0xx_HAL_Driver/Src/stm32f0xx_hal_rcc.o
 .ARM.attributes
                0x000000000000024f       0x2c ./Drivers/STM32F0xx_HAL_Driver/Src/stm32f0xx_hal_uart.o
 .ARM.attributes
                0x000000000000027b       0x2c c:/st/stm32cubeide_1.8.0/stm32cubeide/plugins/com.st.stm32cube.ide.mcu.externaltools.gnu-tools-for-stm32.9-2020-q2-update.win32_2.0.0.202105311346/tools/bin/../lib/gcc/arm-none-eabi/9.3.1/../../../../arm-none-eabi/lib/thumb/v6-m/nofp\libc_nano.a(lib_a-init.o)
 .ARM.attributes
                0x00000000000002a7       0x2c c:/st/stm32cubeide_1.8.0/stm32cubeide/plugins/com.st.stm32cube.ide.mcu.externaltools.gnu-tools-for-stm32.9-2020-q2-update.win32_2.0.0.202105311346/tools/bin/../lib/gcc/arm-none-eabi/9.3.1/../../../../arm-none-eabi/lib/thumb/v6-m/nofp\libc_nano.a(lib_a-memset.o)
 .ARM.attributes
                0x00000000000002d3       0x1e c:/st/stm32cubeide_1.8.0/stm32cubeide/plugins/com.st.stm32cube.ide.mcu.externaltools.gnu-tools-for-stm32.9-2020-q2-update.win32_2.0.0.202105311346/tools/bin/../lib/gcc/arm-none-eabi/9.3.1/thumb/v6-m/nofp\libgcc.a(_udivsi3.o)
 .ARM.attributes
                0x00000000000002f1       0x1e c:/st/stm32cubeide_1.8.0/stm32cubeide/plugins/com.st.stm32cube.ide.mcu.externaltools.gnu-tools-for-stm32.9-2020-q2-update.win32_2.0.0.202105311346/tools/bin/../lib/gcc/arm-none-eabi/9.3.1/thumb/v6-m/nofp\libgcc.a(_dvmd_tls.o)
 .ARM.attributes
                0x000000000000030f       0x1e c:/st/stm32cubeide_1.8.0/stm32cubeide/plugins/com.st.stm32cube.ide.mcu.externaltools.gnu-tools-for-stm32.9-2020-q2-update.win32_2.0.0.202105311346/tools/bin/../lib/gcc/arm-none-eabi/9.3.1/thumb/v6-m/nofp/crtn.o
OUTPUT(MKS_KnightRider.elf elf32-littlearm)
LOAD linker stubs
LOAD c:/st/stm32cubeide_1.8.0/stm32cubeide/plugins/com.st.stm32cube.ide.mcu.externaltools.gnu-tools-for-stm32.9-2020-q2-update.win32_2.0.0.202105311346/tools/bin/../lib/gcc/arm-none-eabi/9.3.1/../../../../arm-none-eabi/lib/thumb/v6-m/nofp\libc.a
LOAD c:/st/stm32cubeide_1.8.0/stm32cubeide/plugins/com.st.stm32cube.ide.mcu.externaltools.gnu-tools-for-stm32.9-2020-q2-update.win32_2.0.0.202105311346/tools/bin/../lib/gcc/arm-none-eabi/9.3.1/../../../../arm-none-eabi/lib/thumb/v6-m/nofp\libm.a
LOAD c:/st/stm32cubeide_1.8.0/stm32cubeide/plugins/com.st.stm32cube.ide.mcu.externaltools.gnu-tools-for-stm32.9-2020-q2-update.win32_2.0.0.202105311346/tools/bin/../lib/gcc/arm-none-eabi/9.3.1/thumb/v6-m/nofp\libgcc.a

.debug_info     0x0000000000000000     0x9dc5
 .debug_info    0x0000000000000000     0x1748 ./Core/Src/main.o
 .debug_info    0x0000000000001748      0x2e3 ./Core/Src/sct.o
 .debug_info    0x0000000000001a2b      0xd22 ./Core/Src/stm32f0xx_hal_msp.o
 .debug_info    0x000000000000274d      0x629 ./Core/Src/stm32f0xx_it.o
 .debug_info    0x0000000000002d76      0x2c3 ./Core/Src/system_stm32f0xx.o
 .debug_info    0x0000000000003039       0x22 ./Core/Startup/startup_stm32f030r8tx.o
 .debug_info    0x000000000000305b      0x6dc ./Drivers/STM32F0xx_HAL_Driver/Src/stm32f0xx_hal.o
 .debug_info    0x0000000000003737      0xd62 ./Drivers/STM32F0xx_HAL_Driver/Src/stm32f0xx_hal_adc.o
 .debug_info    0x0000000000004499      0x65c ./Drivers/STM32F0xx_HAL_Driver/Src/stm32f0xx_hal_adc_ex.o
 .debug_info    0x0000000000004af5      0x7be ./Drivers/STM32F0xx_HAL_Driver/Src/stm32f0xx_hal_cortex.o
 .debug_info    0x00000000000052b3      0x6d8 ./Drivers/STM32F0xx_HAL_Driver/Src/stm32f0xx_hal_gpio.o
 .debug_info    0x000000000000598b      0x88d ./Drivers/STM32F0xx_HAL_Driver/Src/stm32f0xx_hal_rcc.o
 .debug_info    0x0000000000006218     0x3bad ./Drivers/STM32F0xx_HAL_Driver/Src/stm32f0xx_hal_uart.o

.debug_abbrev   0x0000000000000000     0x1742
 .debug_abbrev  0x0000000000000000      0x2ca ./Core/Src/main.o
 .debug_abbrev  0x00000000000002ca      0x152 ./Core/Src/sct.o
 .debug_abbrev  0x000000000000041c      0x1b5 ./Core/Src/stm32f0xx_hal_msp.o
 .debug_abbrev  0x00000000000005d1      0x134 ./Core/Src/stm32f0xx_it.o
 .debug_abbrev  0x0000000000000705      0x145 ./Core/Src/system_stm32f0xx.o
 .debug_abbrev  0x000000000000084a       0x12 ./Core/Startup/startup_stm32f030r8tx.o
 .debug_abbrev  0x000000000000085c      0x21e ./Drivers/STM32F0xx_HAL_Driver/Src/stm32f0xx_hal.o
 .debug_abbrev  0x0000000000000a7a      0x1f1 ./Drivers/STM32F0xx_HAL_Driver/Src/stm32f0xx_hal_adc.o
 .debug_abbrev  0x0000000000000c6b      0x149 ./Drivers/STM32F0xx_HAL_Driver/Src/stm32f0xx_hal_adc_ex.o
 .debug_abbrev  0x0000000000000db4      0x2a9 ./Drivers/STM32F0xx_HAL_Driver/Src/stm32f0xx_hal_cortex.o
 .debug_abbrev  0x000000000000105d      0x1e8 ./Drivers/STM32F0xx_HAL_Driver/Src/stm32f0xx_hal_gpio.o
 .debug_abbrev  0x0000000000001245      0x23b ./Drivers/STM32F0xx_HAL_Driver/Src/stm32f0xx_hal_rcc.o
 .debug_abbrev  0x0000000000001480      0x2c2 ./Drivers/STM32F0xx_HAL_Driver/Src/stm32f0xx_hal_uart.o

.debug_aranges  0x0000000000000000      0x6f0
 .debug_aranges
                0x0000000000000000       0x50 ./Core/Src/main.o
 .debug_aranges
                0x0000000000000050       0x30 ./Core/Src/sct.o
 .debug_aranges
                0x0000000000000080       0x40 ./Core/Src/stm32f0xx_hal_msp.o
 .debug_aranges
                0x00000000000000c0       0x48 ./Core/Src/stm32f0xx_it.o
 .debug_aranges
                0x0000000000000108       0x28 ./Core/Src/system_stm32f0xx.o
 .debug_aranges
                0x0000000000000130       0x28 ./Core/Startup/startup_stm32f030r8tx.o
 .debug_aranges
                0x0000000000000158       0xd0 ./Drivers/STM32F0xx_HAL_Driver/Src/stm32f0xx_hal.o
 .debug_aranges
                0x0000000000000228       0xf8 ./Drivers/STM32F0xx_HAL_Driver/Src/stm32f0xx_hal_adc.o
 .debug_aranges
                0x0000000000000320       0x20 ./Drivers/STM32F0xx_HAL_Driver/Src/stm32f0xx_hal_adc_ex.o
 .debug_aranges
                0x0000000000000340       0xc0 ./Drivers/STM32F0xx_HAL_Driver/Src/stm32f0xx_hal_cortex.o
 .debug_aranges
                0x0000000000000400       0x58 ./Drivers/STM32F0xx_HAL_Driver/Src/stm32f0xx_hal_gpio.o
 .debug_aranges
                0x0000000000000458       0x80 ./Drivers/STM32F0xx_HAL_Driver/Src/stm32f0xx_hal_rcc.o
 .debug_aranges
                0x00000000000004d8      0x218 ./Drivers/STM32F0xx_HAL_Driver/Src/stm32f0xx_hal_uart.o

.debug_ranges   0x0000000000000000      0x658
 .debug_ranges  0x0000000000000000       0x40 ./Core/Src/main.o
 .debug_ranges  0x0000000000000040       0x20 ./Core/Src/sct.o
 .debug_ranges  0x0000000000000060       0x30 ./Core/Src/stm32f0xx_hal_msp.o
 .debug_ranges  0x0000000000000090       0x38 ./Core/Src/stm32f0xx_it.o
 .debug_ranges  0x00000000000000c8       0x18 ./Core/Src/system_stm32f0xx.o
 .debug_ranges  0x00000000000000e0       0x20 ./Core/Startup/startup_stm32f030r8tx.o
 .debug_ranges  0x0000000000000100       0xc0 ./Drivers/STM32F0xx_HAL_Driver/Src/stm32f0xx_hal.o
 .debug_ranges  0x00000000000001c0       0xe8 ./Drivers/STM32F0xx_HAL_Driver/Src/stm32f0xx_hal_adc.o
 .debug_ranges  0x00000000000002a8       0x10 ./Drivers/STM32F0xx_HAL_Driver/Src/stm32f0xx_hal_adc_ex.o
 .debug_ranges  0x00000000000002b8       0xb0 ./Drivers/STM32F0xx_HAL_Driver/Src/stm32f0xx_hal_cortex.o
 .debug_ranges  0x0000000000000368       0x48 ./Drivers/STM32F0xx_HAL_Driver/Src/stm32f0xx_hal_gpio.o
 .debug_ranges  0x00000000000003b0       0x70 ./Drivers/STM32F0xx_HAL_Driver/Src/stm32f0xx_hal_rcc.o
 .debug_ranges  0x0000000000000420      0x238 ./Drivers/STM32F0xx_HAL_Driver/Src/stm32f0xx_hal_uart.o

.debug_macro    0x0000000000000000     0xff66
 .debug_macro   0x0000000000000000      0x34f ./Core/Src/main.o
 .debug_macro   0x000000000000034f      0xa7e ./Core/Src/main.o
 .debug_macro   0x0000000000000dcd      0x133 ./Core/Src/main.o
 .debug_macro   0x0000000000000f00       0x2e ./Core/Src/main.o
 .debug_macro   0x0000000000000f2e       0x22 ./Core/Src/main.o
 .debug_macro   0x0000000000000f50       0x22 ./Core/Src/main.o
 .debug_macro   0x0000000000000f72       0x8e ./Core/Src/main.o
 .debug_macro   0x0000000000001000       0x51 ./Core/Src/main.o
 .debug_macro   0x0000000000001051      0x103 ./Core/Src/main.o
 .debug_macro   0x0000000000001154       0x6a ./Core/Src/main.o
 .debug_macro   0x00000000000011be      0x1df ./Core/Src/main.o
 .debug_macro   0x000000000000139d       0x1c ./Core/Src/main.o
 .debug_macro   0x00000000000013b9       0x22 ./Core/Src/main.o
 .debug_macro   0x00000000000013db       0xb5 ./Core/Src/main.o
 .debug_macro   0x0000000000001490      0x391 ./Core/Src/main.o
 .debug_macro   0x0000000000001821     0x6f40 ./Core/Src/main.o
 .debug_macro   0x0000000000008761       0x66 ./Core/Src/main.o
 .debug_macro   0x00000000000087c7     0x34a6 ./Core/Src/main.o
 .debug_macro   0x000000000000bc6d      0x174 ./Core/Src/main.o
 .debug_macro   0x000000000000bde1       0x55 ./Core/Src/main.o
 .debug_macro   0x000000000000be36      0x924 ./Core/Src/main.o
 .debug_macro   0x000000000000c75a      0x17f ./Core/Src/main.o
 .debug_macro   0x000000000000c8d9      0x1af ./Core/Src/main.o
 .debug_macro   0x000000000000ca88       0xd9 ./Core/Src/main.o
 .debug_macro   0x000000000000cb61      0x1a0 ./Core/Src/main.o
 .debug_macro   0x000000000000cd01      0x1ed ./Core/Src/main.o
 .debug_macro   0x000000000000ceee       0x34 ./Core/Src/main.o
 .debug_macro   0x000000000000cf22       0x43 ./Core/Src/main.o
 .debug_macro   0x000000000000cf65       0x28 ./Core/Src/main.o
 .debug_macro   0x000000000000cf8d      0x33d ./Core/Src/main.o
 .debug_macro   0x000000000000d2ca       0xc2 ./Core/Src/main.o
 .debug_macro   0x000000000000d38c       0xb0 ./Core/Src/main.o
 .debug_macro   0x000000000000d43c      0x199 ./Core/Src/main.o
 .debug_macro   0x000000000000d5d5      0x22c ./Core/Src/main.o
 .debug_macro   0x000000000000d801       0x61 ./Core/Src/main.o
 .debug_macro   0x000000000000d862       0xa5 ./Core/Src/main.o
 .debug_macro   0x000000000000d907       0x4c ./Core/Src/main.o
 .debug_macro   0x000000000000d953       0x2b ./Core/Src/main.o
 .debug_macro   0x000000000000d97e      0x55f ./Core/Src/main.o
 .debug_macro   0x000000000000dedd       0x3e ./Core/Src/main.o
 .debug_macro   0x000000000000df1b       0xff ./Core/Src/main.o
 .debug_macro   0x000000000000e01a       0x7c ./Core/Src/main.o
 .debug_macro   0x000000000000e096       0x52 ./Core/Src/main.o
 .debug_macro   0x000000000000e0e8       0x18 ./Core/Src/main.o
 .debug_macro   0x000000000000e100       0x3c ./Core/Src/main.o
 .debug_macro   0x000000000000e13c       0x34 ./Core/Src/main.o
 .debug_macro   0x000000000000e170       0x16 ./Core/Src/main.o
 .debug_macro   0x000000000000e186       0x35 ./Core/Src/main.o
 .debug_macro   0x000000000000e1bb      0x333 ./Core/Src/main.o
 .debug_macro   0x000000000000e4ee       0x10 ./Core/Src/main.o
 .debug_macro   0x000000000000e4fe       0x16 ./Core/Src/main.o
 .debug_macro   0x000000000000e514       0x43 ./Core/Src/main.o
 .debug_macro   0x000000000000e557       0x34 ./Core/Src/main.o
 .debug_macro   0x000000000000e58b       0x10 ./Core/Src/main.o
 .debug_macro   0x000000000000e59b       0x58 ./Core/Src/main.o
 .debug_macro   0x000000000000e5f3       0x71 ./Core/Src/main.o
 .debug_macro   0x000000000000e664       0x1c ./Core/Src/main.o
 .debug_macro   0x000000000000e680      0x12a ./Core/Src/main.o
 .debug_macro   0x000000000000e7aa       0x10 ./Core/Src/main.o
 .debug_macro   0x000000000000e7ba       0x1c ./Core/Src/main.o
 .debug_macro   0x000000000000e7d6       0x52 ./Core/Src/main.o
 .debug_macro   0x000000000000e828       0x22 ./Core/Src/main.o
 .debug_macro   0x000000000000e84a       0x10 ./Core/Src/main.o
 .debug_macro   0x000000000000e85a       0x40 ./Core/Src/main.o
 .debug_macro   0x000000000000e89a       0xd5 ./Core/Src/main.o
 .debug_macro   0x000000000000e96f       0x1c ./Core/Src/main.o
 .debug_macro   0x000000000000e98b       0x3d ./Core/Src/main.o
 .debug_macro   0x000000000000e9c8       0x16 ./Core/Src/main.o
 .debug_macro   0x000000000000e9de      0x145 ./Core/Src/main.o
 .debug_macro   0x000000000000eb23       0x22 ./Core/Src/main.o
 .debug_macro   0x000000000000eb45      0x1db ./Core/Src/sct.o
 .debug_macro   0x000000000000ed20      0x1d1 ./Core/Src/stm32f0xx_hal_msp.o
 .debug_macro   0x000000000000eef1      0x1db ./Core/Src/stm32f0xx_it.o
 .debug_macro   0x000000000000f0cc      0x1c2 ./Core/Src/system_stm32f0xx.o
 .debug_macro   0x000000000000f28e      0x1e6 ./Drivers/STM32F0xx_HAL_Driver/Src/stm32f0xx_hal.o
 .debug_macro   0x000000000000f474      0x1e6 ./Drivers/STM32F0xx_HAL_Driver/Src/stm32f0xx_hal_adc.o
 .debug_macro   0x000000000000f65a      0x1ce ./Drivers/STM32F0xx_HAL_Driver/Src/stm32f0xx_hal_adc_ex.o
 .debug_macro   0x000000000000f828      0x1c2 ./Drivers/STM32F0xx_HAL_Driver/Src/stm32f0xx_hal_cortex.o
 .debug_macro   0x000000000000f9ea      0x1c9 ./Drivers/STM32F0xx_HAL_Driver/Src/stm32f0xx_hal_gpio.o
 .debug_macro   0x000000000000fbb3      0x1d4 ./Drivers/STM32F0xx_HAL_Driver/Src/stm32f0xx_hal_rcc.o
 .debug_macro   0x000000000000fd87      0x1df ./Drivers/STM32F0xx_HAL_Driver/Src/stm32f0xx_hal_uart.o

.debug_line     0x0000000000000000     0x98be
 .debug_line    0x0000000000000000      0xa8d ./Core/Src/main.o
 .debug_line    0x0000000000000a8d      0x769 ./Core/Src/sct.o
 .debug_line    0x00000000000011f6      0x779 ./Core/Src/stm32f0xx_hal_msp.o
 .debug_line    0x000000000000196f      0x75f ./Core/Src/stm32f0xx_it.o
 .debug_line    0x00000000000020ce      0x752 ./Core/Src/system_stm32f0xx.o
 .debug_line    0x0000000000002820       0x89 ./Core/Startup/startup_stm32f030r8tx.o
 .debug_line    0x00000000000028a9      0x95d ./Drivers/STM32F0xx_HAL_Driver/Src/stm32f0xx_hal.o
 .debug_line    0x0000000000003206     0x1178 ./Drivers/STM32F0xx_HAL_Driver/Src/stm32f0xx_hal_adc.o
 .debug_line    0x000000000000437e      0x776 ./Drivers/STM32F0xx_HAL_Driver/Src/stm32f0xx_hal_adc_ex.o
 .debug_line    0x0000000000004af4      0xa09 ./Drivers/STM32F0xx_HAL_Driver/Src/stm32f0xx_hal_cortex.o
 .debug_line    0x00000000000054fd      0xada ./Drivers/STM32F0xx_HAL_Driver/Src/stm32f0xx_hal_gpio.o
 .debug_line    0x0000000000005fd7      0xd49 ./Drivers/STM32F0xx_HAL_Driver/Src/stm32f0xx_hal_rcc.o
 .debug_line    0x0000000000006d20     0x2b9e ./Drivers/STM32F0xx_HAL_Driver/Src/stm32f0xx_hal_uart.o

.debug_str      0x0000000000000000    0x5fc5b
 .debug_str     0x0000000000000000    0x5e498 ./Core/Src/main.o
                                      0x5e827 (size before relaxing)
 .debug_str     0x000000000005e498       0x38 ./Core/Src/sct.o
                                      0x59eed (size before relaxing)
 .debug_str     0x000000000005e4d0      0x19f ./Core/Src/stm32f0xx_hal_msp.o
                                      0x5a697 (size before relaxing)
 .debug_str     0x000000000005e66f       0x76 ./Core/Src/stm32f0xx_it.o
                                      0x5a253 (size before relaxing)
 .debug_str     0x000000000005e6e5       0x5f ./Core/Src/system_stm32f0xx.o
                                      0x59d4d (size before relaxing)
 .debug_str     0x000000000005e744       0x36 ./Core/Startup/startup_stm32f030r8tx.o
                                         0x78 (size before relaxing)
 .debug_str     0x000000000005e77a      0x317 ./Drivers/STM32F0xx_HAL_Driver/Src/stm32f0xx_hal.o
                                      0x5a259 (size before relaxing)
 .debug_str     0x000000000005ea91      0x36b ./Drivers/STM32F0xx_HAL_Driver/Src/stm32f0xx_hal_adc.o
                                      0x5a44d (size before relaxing)
 .debug_str     0x000000000005edfc       0xa8 ./Drivers/STM32F0xx_HAL_Driver/Src/stm32f0xx_hal_adc_ex.o
                                      0x5a106 (size before relaxing)
 .debug_str     0x000000000005eea4      0x1dc ./Drivers/STM32F0xx_HAL_Driver/Src/stm32f0xx_hal_cortex.o
                                      0x5a10d (size before relaxing)
 .debug_str     0x000000000005f080      0x14b ./Drivers/STM32F0xx_HAL_Driver/Src/stm32f0xx_hal_gpio.o
                                      0x59f2c (size before relaxing)
 .debug_str     0x000000000005f1cb      0x240 ./Drivers/STM32F0xx_HAL_Driver/Src/stm32f0xx_hal_rcc.o
                                      0x5a157 (size before relaxing)
 .debug_str     0x000000000005f40b      0x850 ./Drivers/STM32F0xx_HAL_Driver/Src/stm32f0xx_hal_uart.o
                                      0x5a9f0 (size before relaxing)

.comment        0x0000000000000000       0x53
 .comment       0x0000000000000000       0x53 ./Core/Src/main.o
                                         0x54 (size before relaxing)
 .comment       0x0000000000000053       0x54 ./Core/Src/sct.o
 .comment       0x0000000000000053       0x54 ./Core/Src/stm32f0xx_hal_msp.o
 .comment       0x0000000000000053       0x54 ./Core/Src/stm32f0xx_it.o
 .comment       0x0000000000000053       0x54 ./Core/Src/system_stm32f0xx.o
 .comment       0x0000000000000053       0x54 ./Drivers/STM32F0xx_HAL_Driver/Src/stm32f0xx_hal.o
 .comment       0x0000000000000053       0x54 ./Drivers/STM32F0xx_HAL_Driver/Src/stm32f0xx_hal_adc.o
 .comment       0x0000000000000053       0x54 ./Drivers/STM32F0xx_HAL_Driver/Src/stm32f0xx_hal_adc_ex.o
 .comment       0x0000000000000053       0x54 ./Drivers/STM32F0xx_HAL_Driver/Src/stm32f0xx_hal_cortex.o
 .comment       0x0000000000000053       0x54 ./Drivers/STM32F0xx_HAL_Driver/Src/stm32f0xx_hal_gpio.o
 .comment       0x0000000000000053       0x54 ./Drivers/STM32F0xx_HAL_Driver/Src/stm32f0xx_hal_rcc.o
 .comment       0x0000000000000053       0x54 ./Drivers/STM32F0xx_HAL_Driver/Src/stm32f0xx_hal_uart.o

.debug_frame    0x0000000000000000     0x1740
 .debug_frame   0x0000000000000000       0xe8 ./Core/Src/main.o
 .debug_frame   0x00000000000000e8       0x6c ./Core/Src/sct.o
 .debug_frame   0x0000000000000154       0xb0 ./Core/Src/stm32f0xx_hal_msp.o
 .debug_frame   0x0000000000000204       0xb8 ./Core/Src/stm32f0xx_it.o
 .debug_frame   0x00000000000002bc       0x4c ./Core/Src/system_stm32f0xx.o
 .debug_frame   0x0000000000000308      0x2a4 ./Drivers/STM32F0xx_HAL_Driver/Src/stm32f0xx_hal.o
 .debug_frame   0x00000000000005ac      0x3a0 ./Drivers/STM32F0xx_HAL_Driver/Src/stm32f0xx_hal_adc.o
 .debug_frame   0x000000000000094c       0x30 ./Drivers/STM32F0xx_HAL_Driver/Src/stm32f0xx_hal_adc_ex.o
 .debug_frame   0x000000000000097c      0x2a0 ./Drivers/STM32F0xx_HAL_Driver/Src/stm32f0xx_hal_cortex.o
 .debug_frame   0x0000000000000c1c      0x110 ./Drivers/STM32F0xx_HAL_Driver/Src/stm32f0xx_hal_gpio.o
 .debug_frame   0x0000000000000d2c      0x198 ./Drivers/STM32F0xx_HAL_Driver/Src/stm32f0xx_hal_rcc.o
 .debug_frame   0x0000000000000ec4      0x810 ./Drivers/STM32F0xx_HAL_Driver/Src/stm32f0xx_hal_uart.o
 .debug_frame   0x00000000000016d4       0x2c c:/st/stm32cubeide_1.8.0/stm32cubeide/plugins/com.st.stm32cube.ide.mcu.externaltools.gnu-tools-for-stm32.9-2020-q2-update.win32_2.0.0.202105311346/tools/bin/../lib/gcc/arm-none-eabi/9.3.1/../../../../arm-none-eabi/lib/thumb/v6-m/nofp\libc_nano.a(lib_a-init.o)
 .debug_frame   0x0000000000001700       0x20 c:/st/stm32cubeide_1.8.0/stm32cubeide/plugins/com.st.stm32cube.ide.mcu.externaltools.gnu-tools-for-stm32.9-2020-q2-update.win32_2.0.0.202105311346/tools/bin/../lib/gcc/arm-none-eabi/9.3.1/../../../../arm-none-eabi/lib/thumb/v6-m/nofp\libc_nano.a(lib_a-memset.o)
 .debug_frame   0x0000000000001720       0x20 c:/st/stm32cubeide_1.8.0/stm32cubeide/plugins/com.st.stm32cube.ide.mcu.externaltools.gnu-tools-for-stm32.9-2020-q2-update.win32_2.0.0.202105311346/tools/bin/../lib/gcc/arm-none-eabi/9.3.1/thumb/v6-m/nofp\libgcc.a(_udivsi3.o)
